******************************************************************************
              TMS320C55x Linker PC v4.4.1                      
******************************************************************************
>> Linked Tue Nov 16 19:49:58 2021

OUTPUT FILE NAME:   <QU_AM.out>
ENTRY POINT SYMBOL: "_c_int00"  address: 00012195


MEMORY CONFIGURATION

         name            origin    length      used     unused   attr    fill
                        (bytes)   (bytes)    (bytes)   (bytes)
----------------------  --------  ---------  --------  --------  ----  --------
  MMR                   00000000   000000c0  00000000  000000c0  RWIX
  DARAM0                000000c0   00001f40  000007b4  0000178c  RWIX
  DARAM1                00002000   00002000  00000000  00002000  RWIX
  DARAM2                00004000   00002000  00000000  00002000  RWIX
  DARAM3                00006000   00002000  00000000  00002000  RWIX
  DARAM4                00008000   00002000  00000400  00001c00  RWIX
  DARAM5                0000a000   00006000  0000115c  00004ea4  RWIX
  SARAM0                00010000   00002000  00001fff  00000001  RWIX
  SARAM1                00012000   00002000  0000021c  00001de4  RWIX
  SARAM2                00014000   00002000  00000000  00002000  RWIX
  SARAM3                00016000   00002000  00000000  00002000  RWIX
  SARAM4                00018000   00002000  00000000  00002000  RWIX
  SARAM5                0001a000   00002000  00000000  00002000  RWIX
  SARAM6                0001c000   00002000  00000000  00002000  RWIX
  SARAM7                0001e000   00002000  00000000  00002000  RWIX
  SARAM8                00020000   00002000  00000000  00002000  RWIX
  SARAM9                00022000   00002000  00000000  00002000  RWIX
  SARAM10               00024000   00002000  00000000  00002000  RWIX
  SARAM11               00026000   00002000  00000000  00002000  RWIX
  SARAM12               00028000   00002000  00000000  00002000  RWIX
  SARAM13               0002a000   00002000  00000000  00002000  RWIX
  SARAM14               0002c000   00002000  00000000  00002000  RWIX
  SARAM15               0002e000   00002000  00000000  00002000  RWIX
  SARAM16               00030000   00002000  00000000  00002000  RWIX
  SARAM17               00032000   00002000  00000000  00002000  RWIX
  SARAM18               00034000   00002000  00000000  00002000  RWIX
  SARAM19               00036000   00002000  00000000  00002000  RWIX
  SARAM20               00038000   00002000  00000000  00002000  RWIX
  SARAM21               0003a000   00002000  00000000  00002000  RWIX
  SARAM22               0003c000   00002000  00000000  00002000  RWIX
  SARAM23               0003e000   00002000  00000000  00002000  RWIX
  SARAM24               00040000   00002000  00000000  00002000  RWIX
  SARAM25               00042000   00002000  00000000  00002000  RWIX
  SARAM26               00044000   00002000  00000000  00002000  RWIX
  SARAM27               00046000   00002000  00000000  00002000  RWIX
  SARAM28               00048000   00002000  00000000  00002000  RWIX
  SARAM29               0004a000   00002000  00000000  00002000  RWIX
  SARAM30               0004c000   00002000  00000000  00002000  RWIX
  SARAM31               0004e000   00002000  00000000  00002000  RWIX
  CS0                   00050000   007b0000  00000000  007b0000  RWIX
  CS2                   00800000   00400000  00000000  00400000  RWIX
  CS3                   00c00000   00200000  00000000  00200000  RWIX
  CS4                   00e00000   00100000  00000000  00100000  RWIX
  CS5                   00f00000   000e0000  00000000  000e0000  RWIX
  ROM                   00fe0000   0001ff00  00000000  0001ff00  RWIX
  VECS                  00ffff00   00000100  00000100  00000000  RWIX


SECTION ALLOCATION MAP
(Addresses surrounded by []'s are displayed for convenience only!)

output                                                          attributes/
section   page  orgn(bytes) orgn(words) len(bytes) len(words)   input sections
--------  ----  ----------- ----------- ---------- ----------   --------------
.cio         0   [ 000000c0 ]  00000060          *   00000120   UNINITIALIZED
                 [ 000000c0 ]  00000060          *   00000120   rts55x.lib : trgmsg.obj (.cio)

.stack       0   [ 00000300 ]  00000180          *   00000100   UNINITIALIZED
                 [ 00000300 ]  00000180          *   00000100   --HOLE--

.sysstack 
*            0   [ 00000500 ]  00000280          *   00000100   UNINITIALIZED
                 [ 00000500 ]  00000280          *   00000100   --HOLE--

.cinit       0   [ 00000700 ]  00000380          *   00000081   
                 [ 00000700 ]  00000380          *   0000002d   rts55x.lib : lowlev.obj (.cinit)
                 [ 0000075a ]  000003ad          *   0000002a              : defs.obj (.cinit)
                 [ 000007ae ]  000003d7          *   0000000a              : _lock.obj (.cinit)
                 [ 000007c2 ]  000003e1          *   0000000a              : exit.obj (.cinit)
                 [ 000007d6 ]  000003eb          *   00000009   main.obj (.cinit)
                 [ 000007e8 ]  000003f4          *   00000004   rts55x.lib : fopen.obj (.cinit)
                 [ 000007f0 ]  000003f8          *   00000004              : memory.obj (.cinit)
                 [ 000007f8 ]  000003fc          *   00000004   usbstk5515bsl.lib : usbstk5515_i2c.obj (.cinit)
                 [ 00000800 ]  00000400          *   00000001   --HOLE-- [fill = 0]

.const       0   [ 00000804 ]  00000402          *   00000039   
                 [ 00000804 ]  00000402          *   00000031   main.obj (.const:.string)
                 [ 00000866 ]  00000433          *   00000001   --HOLE-- [fill = 0]
                 [ 00000868 ]  00000434          *   00000007   utilities.obj (.const:.string)

.sysmem      0   [ 00008000 ]  00004000          *   00000200   UNINITIALIZED
                 [ 00008000 ]  00004000          *   00000200   --HOLE--

.data        0   [ 00008000 ]  00004000          *   00000000   UNINITIALIZED

.bss         0   [ 0000a000 ]  00005000          *   000008ae   UNINITIALIZED
                 [ 0000a000 ]  00005000          *   00000644   main.obj (.bss)
                 [ 0000ac88 ]  00005644          *   00000119   rts55x.lib : defs.obj (.bss)
                 [ 0000aeba ]  0000575d          *   000000d0              : trgdrv.obj (.bss)
                 [ 0000b05a ]  0000582d          *   00000001              : fopen.obj (.bss)
                 [ 0000b05c ]  0000582e          *   00000071              : lowlev.obj (.bss)
                 [ 0000b13e ]  0000589f          *   00000001   usbstk5515bsl.lib : usbstk5515_i2c.obj (.bss)
                 [ 0000b140 ]  000058a0          *   00000006   rts55x.lib : memory.obj (.bss)
                 [ 0000b14c ]  000058a6          *   00000004              : _lock.obj (.bss)
                 [ 0000b154 ]  000058aa          *   00000004              : exit.obj (.bss)

.text.1      0     00010000  [ 00008000 ] 00001fff          *   
                   00010000  [ 00008000 ] 00000543          *   rts55x.lib : lowlev.obj (.text)
                   00010543  [ 000082a1+] 00000528          *              : trgdrv.obj (.text)
                   00010a6b  [ 00008535+] 000004b5          *              : memory.obj (.text)
                   00010f20  [ 00008790 ] 0000027f          *              : fopen.obj (.text)
                   0001119f  [ 000088cf+] 00000223          *   452_Labs_Essentials.lib : AIC_func.obj (.text)
                   000113c2  [ 000089e1 ] 00000156          *   usbstk5515bsl.lib : usbstk5515_gpio.obj (.text)
                   00011518  [ 00008a8c ] 0000013e          *                     : usbstk5515_i2c.obj (.text)
                   00011656  [ 00008b2b ] 0000013e          *   utilities.obj (.text)
                   00011794  [ 00008bca ] 0000010f          *   rts55x.lib : fread.obj (.text)
                   000118a3  [ 00008c51+] 000000ff          *   main.obj (.text)
                   000119a2  [ 00008cd1 ] 000000e6          *   rts55x.lib : setvbuf.obj (.text)
                   00011a88  [ 00008d44 ] 000000dd          *              : _io_perm.obj (.text)
                   00011b65  [ 00008db2+] 000000c2          *              : fflush.obj (.text)
                   00011c27  [ 00008e13+] 000000ba          *              : trgmsg.obj (.text:CIO_breakpoint)
                   00011ce1  [ 00008e70+] 000000ae          *              : _bufread.obj (.text)
                   00011d8f  [ 00008ec7+] 000000a6          *              : fputc.obj (.text)
                   00011e35  [ 00008f1a+] 0000009b          *              : fgetc.obj (.text)
                   00011ed0  [ 00008f68 ] 0000007b          *              : fclose.obj (.text)
                   00011f4b  [ 00008fa5+] 0000006d          *              : trgmsg.obj (.text)
                   00011fb8  [ 00008fdc ] 0000003f          *              : memcpy.obj (.text)
                   00011ff7  [ 00008ffb+] 00000007          *              : exit.obj (.text:CIO_breakpoint)
                   00011ffe  [ 00008fff ] 00000001          *   --HOLE-- [fill = 20]

.text.2      0     00012000  [ 00009000 ] 0000021c          *   
                   00012000  [ 00009000 ] 0000006b          *   rts55x.lib : fseek.obj (.text)
                   0001206b  [ 00009035+] 00000054          *   usbstk5515bsl.lib : usbstk5515.obj (.text)
                   000120bf  [ 0000905f+] 0000004d          *   rts55x.lib : autoinit.obj (.text)
                   0001210c  [ 00009086 ] 0000004b          *              : args_main.obj (.text)
                   00012157  [ 000090ab+] 0000003e          *              : exit.obj (.text)
                   00012195  [ 000090ca+] 00000034          *              : boot.obj (.text)
                   000121c9  [ 000090e4+] 0000002a          *              : udiv.obj (.text)
                   000121f3  [ 000090f9+] 00000012          *              : _lock.obj (.text)
                   00012205  [ 00009102+] 0000000a          *              : feof.obj (.text)
                   0001220f  [ 00009107+] 0000000a          *              : remove.obj (.text)
                   00012219  [ 0000910c+] 00000002          *              : vectors.obj (.text)
                   0001221b  [ 0000910d ] 00000001          *   --HOLE-- [fill = 20]

vectors      0     00ffff00  [ 007fff80 ] 00000100          *   NOLOAD SECTION
                   00ffff00  [ 007fff80 ] 00000100          *   rts55x.lib : vectors.obj (vectors)


GLOBAL SYMBOLS: SORTED ALPHABETICALLY BY Name 

abs. value/
byte addr   word addr   name
---------   ---------   ----
00000002                $TI_capability$C5500$CallingConvention
00000002                $TI_capability$C5500$MemoryModel
00000001                $TI_capability_requires_rev3
            00005000    .bss
            00004000    .data
ffffffff                .text
00011ff8                C$$EXIT
00011cdc                C$$IO$$
000121c9                I$$UDIV
000121de                I$$UMOD
0001119f                _AIC3204_rset
000111c1                _AIC_init
000113bb                _AIC_off
00011363                _AIC_read2
00011396                _AIC_write2
0001169d                _ExportFile
00011656                _GetBinLen
00010a0d                _HOSTclock
000109a2                _HOSTclose
000108ed                _HOSTlseek
0001084e                _HOSTopen
000107c1                _HOSTread
00010713                _HOSTrename
000106b5                _HOSTtime
0001064b                _HOSTunlink
000105be                _HOSTwrite
0001172b                _ImportFile
00ffff00                _Reset
000114c0                _USBSTK5515_GPIO_getInput
000113c2                _USBSTK5515_GPIO_init
000113c6                _USBSTK5515_GPIO_setDirection
00011443                _USBSTK5515_GPIO_setOutput
00011537                _USBSTK5515_I2C_close
00011518                _USBSTK5515_I2C_init
000115dd                _USBSTK5515_I2C_read
00011540                _USBSTK5515_I2C_reset
0001154e                _USBSTK5515_I2C_write
000120b1                _USBSTK5515_init
0001206b                _USBSTK5515_wait
0001209f                _USBSTK5515_waitusec
            00000060    __CIOBUF_
            00000280    __STACK_END
00000200                __STACK_SIZE
00000400                __SYSMEM_SIZE
00000200                __SYSSTACK_SIZE
00000001                __TI_args_main
ffffffff                ___binit__
            00005000    ___bss__
ffffffff                ___c_args__
            00000380    ___cinit__
            00004000    ___data__
            00004000    ___edata__
            000058ae    ___end__
ffffffff                ___etext__
ffffffff                ___pinit__
ffffffff                ___text__
0001210c                __args_main
00011ce1                __buff_read
00011041                __cleanup
            000058aa    __cleanup_ptr
000121c9                __divu
00011b65                __doflush
            000058ac    __dtors_ptr
            0000575c    __ft_end
            00005644    __ftable
            000058a6    __lock
00012203                __nop
00011b08                __rd_ok
000121fb                __register_lock
000121f3                __register_unlock
000121de                __remu
            00000180    __stack
            00004000    __sys_memory
            00000280    __sysstack
            000056bc    __tmpnams
            000058a8    __unlock
00011a88                __wrt_ok
00011ff7                _abort
00010453                _add_device
000120bf                _auto_init
00012195                _c_int00
00010efa                _calloc
00010ef2                _chkheap
000103e0                _close
00012157                _exit
00011ed0                _fclose
00012205                _feof
00011bce                _fflush
00011e35                _fgetc
000103d7                _find_registered_device
00011164                _fopen
00011d8f                _fputc
00011794                _fread
00010a6b                _free
00010e9c                _free_memory
0001109b                _freopen
00012000                _fseek
00011e35                _getc
00011ec1                _getchar
00010543                _getenv
            0000589f    _i2c_timeout
00010371                _lseek
000118a3                _main
00010b9c                _malloc
00010e42                _max_free
00011fb8                _memcpy
00010b37                _minit
000102b2                _open
00011d8f                _putc
00011e26                _putchar
00010204                _read
00011f4b                _readmsg
00010c91                _realloc
0001220f                _remove
000101ce                _remove_device
00010175                _rename
000119a2                _setvbuf
00010142                _unlink
00010000                _write
00011c27                _writemsg
ffffffff                binit
            00000380    cinit
            00004000    edata
            000058ae    end
ffffffff                etext
ffffffff                pinit


GLOBAL SYMBOLS: SORTED BY Symbol Address 

abs. value/
byte addr   word addr   name
---------   ---------   ----
00000001                $TI_capability_requires_rev3
00000001                __TI_args_main
00000002                $TI_capability$C5500$CallingConvention
00000002                $TI_capability$C5500$MemoryModel
            00000060    __CIOBUF_
00000200                __STACK_SIZE
00000200                __SYSSTACK_SIZE
            00000180    __stack
00000400                __SYSMEM_SIZE
            00000280    __STACK_END
            00000280    __sysstack
            00000380    ___cinit__
            00000380    cinit
            00004000    .data
            00004000    ___data__
            00004000    ___edata__
            00004000    __sys_memory
            00004000    edata
            00005000    .bss
            00005000    ___bss__
            00005644    __ftable
            000056bc    __tmpnams
            0000575c    __ft_end
            0000589f    _i2c_timeout
            000058a6    __lock
            000058a8    __unlock
            000058aa    __cleanup_ptr
            000058ac    __dtors_ptr
            000058ae    ___end__
            000058ae    end
00010000                _write
00010142                _unlink
00010175                _rename
000101ce                _remove_device
00010204                _read
000102b2                _open
00010371                _lseek
000103d7                _find_registered_device
000103e0                _close
00010453                _add_device
00010543                _getenv
000105be                _HOSTwrite
0001064b                _HOSTunlink
000106b5                _HOSTtime
00010713                _HOSTrename
000107c1                _HOSTread
0001084e                _HOSTopen
000108ed                _HOSTlseek
000109a2                _HOSTclose
00010a0d                _HOSTclock
00010a6b                _free
00010b37                _minit
00010b9c                _malloc
00010c91                _realloc
00010e42                _max_free
00010e9c                _free_memory
00010ef2                _chkheap
00010efa                _calloc
00011041                __cleanup
0001109b                _freopen
00011164                _fopen
0001119f                _AIC3204_rset
000111c1                _AIC_init
00011363                _AIC_read2
00011396                _AIC_write2
000113bb                _AIC_off
000113c2                _USBSTK5515_GPIO_init
000113c6                _USBSTK5515_GPIO_setDirection
00011443                _USBSTK5515_GPIO_setOutput
000114c0                _USBSTK5515_GPIO_getInput
00011518                _USBSTK5515_I2C_init
00011537                _USBSTK5515_I2C_close
00011540                _USBSTK5515_I2C_reset
0001154e                _USBSTK5515_I2C_write
000115dd                _USBSTK5515_I2C_read
00011656                _GetBinLen
0001169d                _ExportFile
0001172b                _ImportFile
00011794                _fread
000118a3                _main
000119a2                _setvbuf
00011a88                __wrt_ok
00011b08                __rd_ok
00011b65                __doflush
00011bce                _fflush
00011c27                _writemsg
00011cdc                C$$IO$$
00011ce1                __buff_read
00011d8f                _fputc
00011d8f                _putc
00011e26                _putchar
00011e35                _fgetc
00011e35                _getc
00011ec1                _getchar
00011ed0                _fclose
00011f4b                _readmsg
00011fb8                _memcpy
00011ff7                _abort
00011ff8                C$$EXIT
00012000                _fseek
0001206b                _USBSTK5515_wait
0001209f                _USBSTK5515_waitusec
000120b1                _USBSTK5515_init
000120bf                _auto_init
0001210c                __args_main
00012157                _exit
00012195                _c_int00
000121c9                I$$UDIV
000121c9                __divu
000121de                I$$UMOD
000121de                __remu
000121f3                __register_unlock
000121fb                __register_lock
00012203                __nop
00012205                _feof
0001220f                _remove
00ffff00                _Reset
ffffffff                .text
ffffffff                ___binit__
ffffffff                ___c_args__
ffffffff                ___etext__
ffffffff                ___pinit__
ffffffff                ___text__
ffffffff                binit
ffffffff                etext
ffffffff                pinit

[126 symbols]
